[2022-10-18T10:04:04.477265+00:00] logger.DEBUG: Acting on ActionCypherElementToStatementEvent: Created node-create-statement and stopped propagation. {"elementClass":"Syndesi\\CypherDataStructures\\Type\\Node","statement":{"Laudis\\Neo4j\\Databags\\Statement":{"text":"CREATE (:ContainerTest {identifier: $identifier, someKey: $someKey, otherPropertyName: $otherPropertyName})","parameters":{"identifier":1236,"someKey":"some value","otherPropertyName":"some value"}}}} []
[2022-10-18T10:04:04.498269+00:00] logger.DEBUG: Acting on ActionCypherElementToStatementEvent: Created node-merge-statement and stopped propagation. {"elementClass":"Syndesi\\CypherDataStructures\\Type\\Node","statement":{"Laudis\\Neo4j\\Databags\\Statement":{"text":"MERGE (node:ContainerTest {identifier: $identifier})\nON CREATE\n  SET\n    node.someKey = $someKey,\n    node.otherPropertyName = $otherPropertyName,\n    node.changed = $changed\nON MATCH\n  SET\n    node.someKey = $someKey,\n    node.otherPropertyName = $otherPropertyName,\n    node.changed = $changed","parameters":{"identifier":1236,"someKey":"some value","otherPropertyName":"some value","changed":"hello world update :D"}}}} []
